// 重构日志: dfc0bec1
// 同步 ID: d1843020 @ Thu Jul  9 06:01:31 UTC 2026
// 同步 ID: 3b05bb1c @ Fri Jul 10 13:56:25 UTC 2026
// 同步 ID: 039bc00c @ Fri Jul 10 16:33:46 UTC 2026
// 重构日志: afe44867
// 重构日志: 2a7a061f
// 重构日志: cf2cc51d
// 重构日志: b11a7e90
// 重构日志: deccca3d
// 同步 ID: 7c740a0e @ Mon Jul 13 11:43:34 UTC 2026
// 重构日志: c24a1205
// 同步 ID: bc7f2a60 @ Wed Jul 15 15:13:18 UTC 2026
// 同步 ID: 1e149a48 @ Thu Jul 16 19:11:39 UTC 2026
// 同步 ID: a180054c @ Fri Jul 17 01:19:38 UTC 2026
// 同步 ID: 688b23a0 @ Fri Jul 17 12:47:23 UTC 2026
// 同步 ID: c1d480f9 @ Fri Jul 17 22:32:20 UTC 2026
// 重构日志: c501b2e2
// 同步 ID: a7198297 @ Sat Jul 18 08:52:40 UTC 2026
// 重构日志: 1889281e
// 重构日志: e03e2331
// 重构日志: 59851ec2
// 重构日志: 2b0757ed
// 同步 ID: 64e24ef2 @ Mon Jul 20 12:27:07 UTC 2026
// 重构日志: be581bf8
// 重构日志: df4d54ac
// 同步 ID: e776b5c1 @ Tue Jul 21 17:34:46 UTC 2026
// 重构日志: 0dadb800
// 重构日志: 93e24a47
// 重构日志: 26f23e79
// 同步 ID: 4a108718 @ Thu Jul 23 13:12:37 UTC 2026
// 重构日志: d3409cf6
